---
source: tests/std140.rs
expression: "<MatrixUniform as AsStd140>::Std140Type::glsl_definition()"

---
MatrixUniform {
	mat3 e;
	float f;
};
